Archive member included to satisfy reference by file (symbol)

c:/program files (x86)/atmel/studio/7.0/toolchain/avr8/avr8-gnu-toolchain/bin/../lib/gcc/avr/4.9.2/avr51\libgcc.a(_udivmodhi4.o)
                              AES_lib/keysize_descriptor.o (__udivmodhi4)
c:/program files (x86)/atmel/studio/7.0/toolchain/avr8/avr8-gnu-toolchain/bin/../lib/gcc/avr/4.9.2/avr51\libgcc.a(_exit.o)
                              C:/Program Files (x86)/Atmel/Studio/7.0/Packs/atmel/ATmega_DFP/1.0.106/gcc/dev/atmega1284p/avr51/crtatmega1284p.o (exit)
c:/program files (x86)/atmel/studio/7.0/toolchain/avr8/avr8-gnu-toolchain/bin/../lib/gcc/avr/4.9.2/avr51\libgcc.a(_copy_data.o)
                              main.o (__do_copy_data)
c:/program files (x86)/atmel/studio/7.0/toolchain/avr8/avr8-gnu-toolchain/bin/../lib/gcc/avr/4.9.2/avr51\libgcc.a(_clear_bss.o)
                              main.o (__do_clear_bss)
c:/program files (x86)/atmel/studio/7.0/toolchain/avr8/avr8-gnu-toolchain/bin/../lib/gcc/avr/4.9.2/../../../../avr/lib/avr51\libc.a(malloc.o)
                              AES_lib/keysize_descriptor.o (malloc)
C:/Program Files (x86)/Atmel/Studio/7.0/Packs/atmel/ATmega_DFP/1.0.106/gcc/dev/atmega1284p/avr51\libatmega1284p.a(eerd_word.o)
                              main.o (eeprom_read_word)
C:/Program Files (x86)/Atmel/Studio/7.0/Packs/atmel/ATmega_DFP/1.0.106/gcc/dev/atmega1284p/avr51\libatmega1284p.a(eeupd_word.o)
                              main.o (eeprom_update_word)
C:/Program Files (x86)/Atmel/Studio/7.0/Packs/atmel/ATmega_DFP/1.0.106/gcc/dev/atmega1284p/avr51\libatmega1284p.a(eerd_block.o)
                              C:/Program Files (x86)/Atmel/Studio/7.0/Packs/atmel/ATmega_DFP/1.0.106/gcc/dev/atmega1284p/avr51\libatmega1284p.a(eerd_word.o) (eeprom_read_blraw)
C:/Program Files (x86)/Atmel/Studio/7.0/Packs/atmel/ATmega_DFP/1.0.106/gcc/dev/atmega1284p/avr51\libatmega1284p.a(eeupd_byte.o)
                              C:/Program Files (x86)/Atmel/Studio/7.0/Packs/atmel/ATmega_DFP/1.0.106/gcc/dev/atmega1284p/avr51\libatmega1284p.a(eeupd_word.o) (eeprom_update_byte)

Allocating common symbols
Common symbol       size              file

__brkval            0x2               c:/program files (x86)/atmel/studio/7.0/toolchain/avr8/avr8-gnu-toolchain/bin/../lib/gcc/avr/4.9.2/../../../../avr/lib/avr51\libc.a(malloc.o)
__flp               0x2               c:/program files (x86)/atmel/studio/7.0/toolchain/avr8/avr8-gnu-toolchain/bin/../lib/gcc/avr/4.9.2/../../../../avr/lib/avr51\libc.a(malloc.o)

Discarded input sections

 .data          0x00000000        0x0 C:/Program Files (x86)/Atmel/Studio/7.0/Packs/atmel/ATmega_DFP/1.0.106/gcc/dev/atmega1284p/avr51/crtatmega1284p.o
 .bss           0x00000000        0x0 C:/Program Files (x86)/Atmel/Studio/7.0/Packs/atmel/ATmega_DFP/1.0.106/gcc/dev/atmega1284p/avr51/crtatmega1284p.o
 .text          0x00000000        0x0 AES_lib.o
 .data          0x00000000        0x0 AES_lib.o
 .bss           0x00000000        0x0 AES_lib.o
 .text.strtEncCFB
                0x00000000       0x6c AES_lib.o
 .text.contEncCFB
                0x00000000       0x5e AES_lib.o
 .text.encCFB   0x00000000       0xd4 AES_lib.o
 .text.strtDecCFB
                0x00000000       0x6c AES_lib.o
 .text.contDecCFB
                0x00000000       0x5e AES_lib.o
 .text.decCFB   0x00000000      0x11a AES_lib.o
 .data          0x00000000        0x0 AES_lib/aes_enc-asm.o
 .bss           0x00000000        0x0 AES_lib/aes_enc-asm.o
 .data          0x00000000        0x0 AES_lib/aes_keyschedule-asm.o
 .bss           0x00000000        0x0 AES_lib/aes_keyschedule-asm.o
 .data          0x00000000        0x0 AES_lib/aes_sbox-asm.o
 .bss           0x00000000        0x0 AES_lib/aes_sbox-asm.o
 .avr.prop      0x00000000       0x16 AES_lib/aes_sbox-asm.o
 .text          0x00000000        0x0 AES_lib/avr-asm-macros.o
 .data          0x00000000        0x0 AES_lib/avr-asm-macros.o
 .bss           0x00000000        0x0 AES_lib/avr-asm-macros.o
 .text          0x00000000        0x0 AES_lib/keysize_descriptor.o
 .data          0x00000000        0x0 AES_lib/keysize_descriptor.o
 .bss           0x00000000        0x0 AES_lib/keysize_descriptor.o
 .text.is_valid_keysize_P
                0x00000000       0xd4 AES_lib/keysize_descriptor.o
 .text.get_keysize
                0x00000000       0x14 AES_lib/keysize_descriptor.o
 .text.get_keysizes
                0x00000000      0x216 AES_lib/keysize_descriptor.o
 .debug_info    0x00000000      0x62e AES_lib/keysize_descriptor.o
 .debug_abbrev  0x00000000      0x137 AES_lib/keysize_descriptor.o
 .debug_loc     0x00000000      0xc25 AES_lib/keysize_descriptor.o
 .debug_aranges
                0x00000000       0x30 AES_lib/keysize_descriptor.o
 .debug_ranges  0x00000000       0xb0 AES_lib/keysize_descriptor.o
 .debug_line    0x00000000      0x3cb AES_lib/keysize_descriptor.o
 .debug_str     0x00000000      0x263 AES_lib/keysize_descriptor.o
 .comment       0x00000000       0x31 AES_lib/keysize_descriptor.o
 .debug_frame   0x00000000       0xa0 AES_lib/keysize_descriptor.o
 .text          0x00000000        0x0 main.o
 .data          0x00000000        0x0 main.o
 .bss           0x00000000        0x0 main.o
 .bss.IV        0x00000000       0x10 main.o
 .text          0x00000000        0x0 uart.o
 .data          0x00000000        0x0 uart.o
 .bss           0x00000000        0x0 uart.o
 .text.UART1_flush
                0x00000000       0x1a uart.o
 .text.UART1_putstring
                0x00000000       0x24 uart.o
 .text.UART0_data_available
                0x00000000        0xc uart.o
 .text.UART0_getchar
                0x00000000       0x10 uart.o
 .text.UART0_flush
                0x00000000       0x1a uart.o
 .text          0x00000000        0x0 c:/program files (x86)/atmel/studio/7.0/toolchain/avr8/avr8-gnu-toolchain/bin/../lib/gcc/avr/4.9.2/avr51\libgcc.a(_udivmodhi4.o)
 .data          0x00000000        0x0 c:/program files (x86)/atmel/studio/7.0/toolchain/avr8/avr8-gnu-toolchain/bin/../lib/gcc/avr/4.9.2/avr51\libgcc.a(_udivmodhi4.o)
 .bss           0x00000000        0x0 c:/program files (x86)/atmel/studio/7.0/toolchain/avr8/avr8-gnu-toolchain/bin/../lib/gcc/avr/4.9.2/avr51\libgcc.a(_udivmodhi4.o)
 .text.libgcc.mul
                0x00000000        0x0 c:/program files (x86)/atmel/studio/7.0/toolchain/avr8/avr8-gnu-toolchain/bin/../lib/gcc/avr/4.9.2/avr51\libgcc.a(_udivmodhi4.o)
 .text.libgcc.div
                0x00000000       0x28 c:/program files (x86)/atmel/studio/7.0/toolchain/avr8/avr8-gnu-toolchain/bin/../lib/gcc/avr/4.9.2/avr51\libgcc.a(_udivmodhi4.o)
 .text.libgcc   0x00000000        0x0 c:/program files (x86)/atmel/studio/7.0/toolchain/avr8/avr8-gnu-toolchain/bin/../lib/gcc/avr/4.9.2/avr51\libgcc.a(_udivmodhi4.o)
 .text.libgcc.prologue
                0x00000000        0x0 c:/program files (x86)/atmel/studio/7.0/toolchain/avr8/avr8-gnu-toolchain/bin/../lib/gcc/avr/4.9.2/avr51\libgcc.a(_udivmodhi4.o)
 .text.libgcc.builtins
                0x00000000        0x0 c:/program files (x86)/atmel/studio/7.0/toolchain/avr8/avr8-gnu-toolchain/bin/../lib/gcc/avr/4.9.2/avr51\libgcc.a(_udivmodhi4.o)
 .text.libgcc.fmul
                0x00000000        0x0 c:/program files (x86)/atmel/studio/7.0/toolchain/avr8/avr8-gnu-toolchain/bin/../lib/gcc/avr/4.9.2/avr51\libgcc.a(_udivmodhi4.o)
 .text.libgcc.fixed
                0x00000000        0x0 c:/program files (x86)/atmel/studio/7.0/toolchain/avr8/avr8-gnu-toolchain/bin/../lib/gcc/avr/4.9.2/avr51\libgcc.a(_udivmodhi4.o)
 .text          0x00000000        0x0 c:/program files (x86)/atmel/studio/7.0/toolchain/avr8/avr8-gnu-toolchain/bin/../lib/gcc/avr/4.9.2/avr51\libgcc.a(_exit.o)
 .data          0x00000000        0x0 c:/program files (x86)/atmel/studio/7.0/toolchain/avr8/avr8-gnu-toolchain/bin/../lib/gcc/avr/4.9.2/avr51\libgcc.a(_exit.o)
 .bss           0x00000000        0x0 c:/program files (x86)/atmel/studio/7.0/toolchain/avr8/avr8-gnu-toolchain/bin/../lib/gcc/avr/4.9.2/avr51\libgcc.a(_exit.o)
 .text.libgcc.mul
                0x00000000        0x0 c:/program files (x86)/atmel/studio/7.0/toolchain/avr8/avr8-gnu-toolchain/bin/../lib/gcc/avr/4.9.2/avr51\libgcc.a(_exit.o)
 .text.libgcc.div
                0x00000000        0x0 c:/program files (x86)/atmel/studio/7.0/toolchain/avr8/avr8-gnu-toolchain/bin/../lib/gcc/avr/4.9.2/avr51\libgcc.a(_exit.o)
 .text.libgcc   0x00000000        0x0 c:/program files (x86)/atmel/studio/7.0/toolchain/avr8/avr8-gnu-toolchain/bin/../lib/gcc/avr/4.9.2/avr51\libgcc.a(_exit.o)
 .text.libgcc.prologue
                0x00000000        0x0 c:/program files (x86)/atmel/studio/7.0/toolchain/avr8/avr8-gnu-toolchain/bin/../lib/gcc/avr/4.9.2/avr51\libgcc.a(_exit.o)
 .text.libgcc.builtins
                0x00000000        0x0 c:/program files (x86)/atmel/studio/7.0/toolchain/avr8/avr8-gnu-toolchain/bin/../lib/gcc/avr/4.9.2/avr51\libgcc.a(_exit.o)
 .text.libgcc.fmul
                0x00000000        0x0 c:/program files (x86)/atmel/studio/7.0/toolchain/avr8/avr8-gnu-toolchain/bin/../lib/gcc/avr/4.9.2/avr51\libgcc.a(_exit.o)
 .text.libgcc.fixed
                0x00000000        0x0 c:/program files (x86)/atmel/studio/7.0/toolchain/avr8/avr8-gnu-toolchain/bin/../lib/gcc/avr/4.9.2/avr51\libgcc.a(_exit.o)
 .text          0x00000000        0x0 c:/program files (x86)/atmel/studio/7.0/toolchain/avr8/avr8-gnu-toolchain/bin/../lib/gcc/avr/4.9.2/avr51\libgcc.a(_copy_data.o)
 .data          0x00000000        0x0 c:/program files (x86)/atmel/studio/7.0/toolchain/avr8/avr8-gnu-toolchain/bin/../lib/gcc/avr/4.9.2/avr51\libgcc.a(_copy_data.o)
 .bss           0x00000000        0x0 c:/program files (x86)/atmel/studio/7.0/toolchain/avr8/avr8-gnu-toolchain/bin/../lib/gcc/avr/4.9.2/avr51\libgcc.a(_copy_data.o)
 .text.libgcc.mul
                0x00000000        0x0 c:/program files (x86)/atmel/studio/7.0/toolchain/avr8/avr8-gnu-toolchain/bin/../lib/gcc/avr/4.9.2/avr51\libgcc.a(_copy_data.o)
 .text.libgcc.div
                0x00000000        0x0 c:/program files (x86)/atmel/studio/7.0/toolchain/avr8/avr8-gnu-toolchain/bin/../lib/gcc/avr/4.9.2/avr51\libgcc.a(_copy_data.o)
 .text.libgcc   0x00000000        0x0 c:/program files (x86)/atmel/studio/7.0/toolchain/avr8/avr8-gnu-toolchain/bin/../lib/gcc/avr/4.9.2/avr51\libgcc.a(_copy_data.o)
 .text.libgcc.prologue
                0x00000000        0x0 c:/program files (x86)/atmel/studio/7.0/toolchain/avr8/avr8-gnu-toolchain/bin/../lib/gcc/avr/4.9.2/avr51\libgcc.a(_copy_data.o)
 .text.libgcc.builtins
                0x00000000        0x0 c:/program files (x86)/atmel/studio/7.0/toolchain/avr8/avr8-gnu-toolchain/bin/../lib/gcc/avr/4.9.2/avr51\libgcc.a(_copy_data.o)
 .text.libgcc.fmul
                0x00000000        0x0 c:/program files (x86)/atmel/studio/7.0/toolchain/avr8/avr8-gnu-toolchain/bin/../lib/gcc/avr/4.9.2/avr51\libgcc.a(_copy_data.o)
 .text.libgcc.fixed
                0x00000000        0x0 c:/program files (x86)/atmel/studio/7.0/toolchain/avr8/avr8-gnu-toolchain/bin/../lib/gcc/avr/4.9.2/avr51\libgcc.a(_copy_data.o)
 .text          0x00000000        0x0 c:/program files (x86)/atmel/studio/7.0/toolchain/avr8/avr8-gnu-toolchain/bin/../lib/gcc/avr/4.9.2/avr51\libgcc.a(_clear_bss.o)
 .data          0x00000000        0x0 c:/program files (x86)/atmel/studio/7.0/toolchain/avr8/avr8-gnu-toolchain/bin/../lib/gcc/avr/4.9.2/avr51\libgcc.a(_clear_bss.o)
 .bss           0x00000000        0x0 c:/program files (x86)/atmel/studio/7.0/toolchain/avr8/avr8-gnu-toolchain/bin/../lib/gcc/avr/4.9.2/avr51\libgcc.a(_clear_bss.o)
 .text.libgcc.mul
                0x00000000        0x0 c:/program files (x86)/atmel/studio/7.0/toolchain/avr8/avr8-gnu-toolchain/bin/../lib/gcc/avr/4.9.2/avr51\libgcc.a(_clear_bss.o)
 .text.libgcc.div
                0x00000000        0x0 c:/program files (x86)/atmel/studio/7.0/toolchain/avr8/avr8-gnu-toolchain/bin/../lib/gcc/avr/4.9.2/avr51\libgcc.a(_clear_bss.o)
 .text.libgcc   0x00000000        0x0 c:/program files (x86)/atmel/studio/7.0/toolchain/avr8/avr8-gnu-toolchain/bin/../lib/gcc/avr/4.9.2/avr51\libgcc.a(_clear_bss.o)
 .text.libgcc.prologue
                0x00000000        0x0 c:/program files (x86)/atmel/studio/7.0/toolchain/avr8/avr8-gnu-toolchain/bin/../lib/gcc/avr/4.9.2/avr51\libgcc.a(_clear_bss.o)
 .text.libgcc.builtins
                0x00000000        0x0 c:/program files (x86)/atmel/studio/7.0/toolchain/avr8/avr8-gnu-toolchain/bin/../lib/gcc/avr/4.9.2/avr51\libgcc.a(_clear_bss.o)
 .text.libgcc.fmul
                0x00000000        0x0 c:/program files (x86)/atmel/studio/7.0/toolchain/avr8/avr8-gnu-toolchain/bin/../lib/gcc/avr/4.9.2/avr51\libgcc.a(_clear_bss.o)
 .text.libgcc.fixed
                0x00000000        0x0 c:/program files (x86)/atmel/studio/7.0/toolchain/avr8/avr8-gnu-toolchain/bin/../lib/gcc/avr/4.9.2/avr51\libgcc.a(_clear_bss.o)
 .text          0x00000000        0x0 c:/program files (x86)/atmel/studio/7.0/toolchain/avr8/avr8-gnu-toolchain/bin/../lib/gcc/avr/4.9.2/../../../../avr/lib/avr51\libc.a(malloc.o)
 .data          0x00000000        0x6 c:/program files (x86)/atmel/studio/7.0/toolchain/avr8/avr8-gnu-toolchain/bin/../lib/gcc/avr/4.9.2/../../../../avr/lib/avr51\libc.a(malloc.o)
 .bss           0x00000000        0x0 c:/program files (x86)/atmel/studio/7.0/toolchain/avr8/avr8-gnu-toolchain/bin/../lib/gcc/avr/4.9.2/../../../../avr/lib/avr51\libc.a(malloc.o)
 .text.avr-libc
                0x00000000      0x25a c:/program files (x86)/atmel/studio/7.0/toolchain/avr8/avr8-gnu-toolchain/bin/../lib/gcc/avr/4.9.2/../../../../avr/lib/avr51\libc.a(malloc.o)
 .comment       0x00000000       0x31 c:/program files (x86)/atmel/studio/7.0/toolchain/avr8/avr8-gnu-toolchain/bin/../lib/gcc/avr/4.9.2/../../../../avr/lib/avr51\libc.a(malloc.o)
 COMMON         0x00000000        0x4 c:/program files (x86)/atmel/studio/7.0/toolchain/avr8/avr8-gnu-toolchain/bin/../lib/gcc/avr/4.9.2/../../../../avr/lib/avr51\libc.a(malloc.o)
 .text          0x00000000        0x0 C:/Program Files (x86)/Atmel/Studio/7.0/Packs/atmel/ATmega_DFP/1.0.106/gcc/dev/atmega1284p/avr51\libatmega1284p.a(eerd_word.o)
 .data          0x00000000        0x0 C:/Program Files (x86)/Atmel/Studio/7.0/Packs/atmel/ATmega_DFP/1.0.106/gcc/dev/atmega1284p/avr51\libatmega1284p.a(eerd_word.o)
 .bss           0x00000000        0x0 C:/Program Files (x86)/Atmel/Studio/7.0/Packs/atmel/ATmega_DFP/1.0.106/gcc/dev/atmega1284p/avr51\libatmega1284p.a(eerd_word.o)
 .text          0x00000000        0x0 C:/Program Files (x86)/Atmel/Studio/7.0/Packs/atmel/ATmega_DFP/1.0.106/gcc/dev/atmega1284p/avr51\libatmega1284p.a(eeupd_word.o)
 .data          0x00000000        0x0 C:/Program Files (x86)/Atmel/Studio/7.0/Packs/atmel/ATmega_DFP/1.0.106/gcc/dev/atmega1284p/avr51\libatmega1284p.a(eeupd_word.o)
 .bss           0x00000000        0x0 C:/Program Files (x86)/Atmel/Studio/7.0/Packs/atmel/ATmega_DFP/1.0.106/gcc/dev/atmega1284p/avr51\libatmega1284p.a(eeupd_word.o)
 .text          0x00000000        0x0 C:/Program Files (x86)/Atmel/Studio/7.0/Packs/atmel/ATmega_DFP/1.0.106/gcc/dev/atmega1284p/avr51\libatmega1284p.a(eerd_block.o)
 .data          0x00000000        0x0 C:/Program Files (x86)/Atmel/Studio/7.0/Packs/atmel/ATmega_DFP/1.0.106/gcc/dev/atmega1284p/avr51\libatmega1284p.a(eerd_block.o)
 .bss           0x00000000        0x0 C:/Program Files (x86)/Atmel/Studio/7.0/Packs/atmel/ATmega_DFP/1.0.106/gcc/dev/atmega1284p/avr51\libatmega1284p.a(eerd_block.o)
 .text          0x00000000        0x0 C:/Program Files (x86)/Atmel/Studio/7.0/Packs/atmel/ATmega_DFP/1.0.106/gcc/dev/atmega1284p/avr51\libatmega1284p.a(eeupd_byte.o)
 .data          0x00000000        0x0 C:/Program Files (x86)/Atmel/Studio/7.0/Packs/atmel/ATmega_DFP/1.0.106/gcc/dev/atmega1284p/avr51\libatmega1284p.a(eeupd_byte.o)
 .bss           0x00000000        0x0 C:/Program Files (x86)/Atmel/Studio/7.0/Packs/atmel/ATmega_DFP/1.0.106/gcc/dev/atmega1284p/avr51\libatmega1284p.a(eeupd_byte.o)

Memory Configuration

Name             Origin             Length             Attributes
text             0x00000000         0x00020000         xr
data             0x00800100         0x0000ff00         rw !x
eeprom           0x00810000         0x00010000         rw !x
fuse             0x00820000         0x00000400         rw !x
lock             0x00830000         0x00000400         rw !x
signature        0x00840000         0x00000400         rw !x
user_signatures  0x00850000         0x00000400         rw !x
*default*        0x00000000         0xffffffff

Linker script and memory map

Address of section .data set to 0x800100
LOAD C:/Program Files (x86)/Atmel/Studio/7.0/Packs/atmel/ATmega_DFP/1.0.106/gcc/dev/atmega1284p/avr51/crtatmega1284p.o
LOAD AES_lib.o
LOAD AES_lib/aes_enc-asm.o
LOAD AES_lib/aes_keyschedule-asm.o
LOAD AES_lib/aes_sbox-asm.o
LOAD AES_lib/avr-asm-macros.o
LOAD AES_lib/keysize_descriptor.o
LOAD main.o
LOAD uart.o
START GROUP
LOAD c:/program files (x86)/atmel/studio/7.0/toolchain/avr8/avr8-gnu-toolchain/bin/../lib/gcc/avr/4.9.2/../../../../avr/lib/avr51\libm.a
END GROUP
Address of section .text set to 0x1f000
START GROUP
LOAD c:/program files (x86)/atmel/studio/7.0/toolchain/avr8/avr8-gnu-toolchain/bin/../lib/gcc/avr/4.9.2/avr51\libgcc.a
LOAD c:/program files (x86)/atmel/studio/7.0/toolchain/avr8/avr8-gnu-toolchain/bin/../lib/gcc/avr/4.9.2/../../../../avr/lib/avr51\libm.a
LOAD c:/program files (x86)/atmel/studio/7.0/toolchain/avr8/avr8-gnu-toolchain/bin/../lib/gcc/avr/4.9.2/../../../../avr/lib/avr51\libc.a
LOAD C:/Program Files (x86)/Atmel/Studio/7.0/Packs/atmel/ATmega_DFP/1.0.106/gcc/dev/atmega1284p/avr51\libatmega1284p.a
END GROUP
                0x00020000                __TEXT_REGION_LENGTH__ = DEFINED (__TEXT_REGION_LENGTH__)?__TEXT_REGION_LENGTH__:0x20000
                0x0000ff00                __DATA_REGION_LENGTH__ = DEFINED (__DATA_REGION_LENGTH__)?__DATA_REGION_LENGTH__:0xff00
                0x00010000                __EEPROM_REGION_LENGTH__ = DEFINED (__EEPROM_REGION_LENGTH__)?__EEPROM_REGION_LENGTH__:0x10000
                0x00000400                __FUSE_REGION_LENGTH__ = DEFINED (__FUSE_REGION_LENGTH__)?__FUSE_REGION_LENGTH__:0x400
                0x00000400                __LOCK_REGION_LENGTH__ = DEFINED (__LOCK_REGION_LENGTH__)?__LOCK_REGION_LENGTH__:0x400
                0x00000400                __SIGNATURE_REGION_LENGTH__ = DEFINED (__SIGNATURE_REGION_LENGTH__)?__SIGNATURE_REGION_LENGTH__:0x400
                0x00000400                __USER_SIGNATURE_REGION_LENGTH__ = DEFINED (__USER_SIGNATURE_REGION_LENGTH__)?__USER_SIGNATURE_REGION_LENGTH__:0x400

.hash
 *(.hash)

.dynsym
 *(.dynsym)

.dynstr
 *(.dynstr)

.gnu.version
 *(.gnu.version)

.gnu.version_d
 *(.gnu.version_d)

.gnu.version_r
 *(.gnu.version_r)

.rel.init
 *(.rel.init)

.rela.init
 *(.rela.init)

.rel.text
 *(.rel.text)
 *(.rel.text.*)
 *(.rel.gnu.linkonce.t*)

.rela.text
 *(.rela.text)
 *(.rela.text.*)
 *(.rela.gnu.linkonce.t*)

.rel.fini
 *(.rel.fini)

.rela.fini
 *(.rela.fini)

.rel.rodata
 *(.rel.rodata)
 *(.rel.rodata.*)
 *(.rel.gnu.linkonce.r*)

.rela.rodata
 *(.rela.rodata)
 *(.rela.rodata.*)
 *(.rela.gnu.linkonce.r*)

.rel.data
 *(.rel.data)
 *(.rel.data.*)
 *(.rel.gnu.linkonce.d*)

.rela.data
 *(.rela.data)
 *(.rela.data.*)
 *(.rela.gnu.linkonce.d*)

.rel.ctors
 *(.rel.ctors)

.rela.ctors
 *(.rela.ctors)

.rel.dtors
 *(.rel.dtors)

.rela.dtors
 *(.rela.dtors)

.rel.got
 *(.rel.got)

.rela.got
 *(.rela.got)

.rel.bss
 *(.rel.bss)

.rela.bss
 *(.rela.bss)

.rel.plt
 *(.rel.plt)

.rela.plt
 *(.rela.plt)

.text           0x0001f000      0xa28
 *(.vectors)
 .vectors       0x0001f000       0x8c C:/Program Files (x86)/Atmel/Studio/7.0/Packs/atmel/ATmega_DFP/1.0.106/gcc/dev/atmega1284p/avr51/crtatmega1284p.o
                0x0001f000                __vector_default
                0x0001f000                __vectors
 *(.vectors)
 *(.progmem.gcc*)
                0x0001f08c                . = ALIGN (0x2)
                0x0001f08c                __trampolines_start = .
 *(.trampolines)
 .trampolines   0x0001f08c        0x0 linker stubs
 *(.trampolines*)
                0x0001f08c                __trampolines_end = .
 *libprintf_flt.a:*(.progmem.data)
 *libc.a:*(.progmem.data)
 *(.progmem*)
                0x0001f08c                . = ALIGN (0x2)
 *(.jumptables)
 *(.jumptables*)
 *(.lowtext)
 *(.lowtext*)
                0x0001f08c                __ctors_start = .
 *(.ctors)
                0x0001f08c                __ctors_end = .
                0x0001f08c                __dtors_start = .
 *(.dtors)
                0x0001f08c                __dtors_end = .
 SORT(*)(.ctors)
 SORT(*)(.dtors)
 *(.init0)
 .init0         0x0001f08c        0x0 C:/Program Files (x86)/Atmel/Studio/7.0/Packs/atmel/ATmega_DFP/1.0.106/gcc/dev/atmega1284p/avr51/crtatmega1284p.o
                0x0001f08c                __init
 *(.init0)
 *(.init1)
 *(.init1)
 *(.init2)
 .init2         0x0001f08c        0xc C:/Program Files (x86)/Atmel/Studio/7.0/Packs/atmel/ATmega_DFP/1.0.106/gcc/dev/atmega1284p/avr51/crtatmega1284p.o
 *(.init2)
 *(.init3)
 *(.init3)
 *(.init4)
 .init4         0x0001f098       0x1a c:/program files (x86)/atmel/studio/7.0/toolchain/avr8/avr8-gnu-toolchain/bin/../lib/gcc/avr/4.9.2/avr51\libgcc.a(_copy_data.o)
                0x0001f098                __do_copy_data
 .init4         0x0001f0b2       0x10 c:/program files (x86)/atmel/studio/7.0/toolchain/avr8/avr8-gnu-toolchain/bin/../lib/gcc/avr/4.9.2/avr51\libgcc.a(_clear_bss.o)
                0x0001f0b2                __do_clear_bss
 *(.init4)
 *(.init5)
 *(.init5)
 *(.init6)
 *(.init6)
 *(.init7)
 *(.init7)
 *(.init8)
 *(.init8)
 *(.init9)
 .init9         0x0001f0c2        0x4 C:/Program Files (x86)/Atmel/Studio/7.0/Packs/atmel/ATmega_DFP/1.0.106/gcc/dev/atmega1284p/avr51/crtatmega1284p.o
 *(.init9)
 *(.text)
 .text          0x0001f0c6        0x2 C:/Program Files (x86)/Atmel/Studio/7.0/Packs/atmel/ATmega_DFP/1.0.106/gcc/dev/atmega1284p/avr51/crtatmega1284p.o
                0x0001f0c6                __vector_22
                0x0001f0c6                __vector_28
                0x0001f0c6                __vector_1
                0x0001f0c6                __vector_32
                0x0001f0c6                __vector_34
                0x0001f0c6                __vector_24
                0x0001f0c6                __vector_12
                0x0001f0c6                __bad_interrupt
                0x0001f0c6                __vector_6
                0x0001f0c6                __vector_31
                0x0001f0c6                __vector_3
                0x0001f0c6                __vector_23
                0x0001f0c6                __vector_30
                0x0001f0c6                __vector_25
                0x0001f0c6                __vector_11
                0x0001f0c6                __vector_13
                0x0001f0c6                __vector_17
                0x0001f0c6                __vector_19
                0x0001f0c6                __vector_7
                0x0001f0c6                __vector_27
                0x0001f0c6                __vector_5
                0x0001f0c6                __vector_33
                0x0001f0c6                __vector_4
                0x0001f0c6                __vector_9
                0x0001f0c6                __vector_2
                0x0001f0c6                __vector_21
                0x0001f0c6                __vector_15
                0x0001f0c6                __vector_29
                0x0001f0c6                __vector_8
                0x0001f0c6                __vector_26
                0x0001f0c6                __vector_14
                0x0001f0c6                __vector_10
                0x0001f0c6                __vector_16
                0x0001f0c6                __vector_18
                0x0001f0c6                __vector_20
 .text          0x0001f0c8      0x226 AES_lib/aes_enc-asm.o
                0x0001f0c8                aes256_enc
                0x0001f0cc                aes192_enc
                0x0001f0d0                aes128_enc
                0x0001f0d2                aes_encrypt_core
 .text          0x0001f2ee       0xe0 AES_lib/aes_keyschedule-asm.o
                0x0001f2ee                aes256_init
                0x0001f2f6                aes_init
 *fill*         0x0001f3ce       0x32 
 .text          0x0001f400      0x100 AES_lib/aes_sbox-asm.o
                0x0001f400                aes_sbox
                0x0001f500                . = ALIGN (0x2)
 *(.text.*)
 .text.hashCBC  0x0001f500       0xa8 AES_lib.o
                0x0001f500                hashCBC
 .text.configure
                0x0001f5a8       0x38 main.o
                0x0001f5a8                configure
 .text.readback
                0x0001f5e0       0x8c main.o
                0x0001f5e0                readback
 .text.boot_firmware
                0x0001f66c       0x78 main.o
                0x0001f66c                boot_firmware
 .text.program_flash
                0x0001f6e4       0xc4 main.o
                0x0001f6e4                program_flash
 .text.load_firmware
                0x0001f7a8      0x10a main.o
                0x0001f7a8                load_firmware
 .text.main     0x0001f8b2       0x7c main.o
                0x0001f8b2                main
 .text.UART1_init
                0x0001f92e       0x22 uart.o
                0x0001f92e                UART1_init
 .text.UART1_putchar
                0x0001f950       0x10 uart.o
                0x0001f950                UART1_putchar
 .text.UART1_data_available
                0x0001f960        0xc uart.o
                0x0001f960                UART1_data_available
 .text.UART1_getchar
                0x0001f96c       0x10 uart.o
                0x0001f96c                UART1_getchar
 .text.UART0_init
                0x0001f97c       0x22 uart.o
                0x0001f97c                UART0_init
 .text.UART0_putchar
                0x0001f99e       0x10 uart.o
                0x0001f99e                UART0_putchar
 .text.UART0_putstring
                0x0001f9ae       0x20 uart.o
                0x0001f9ae                UART0_putstring
 .text.avr-libc
                0x0001f9ce        0xa C:/Program Files (x86)/Atmel/Studio/7.0/Packs/atmel/ATmega_DFP/1.0.106/gcc/dev/atmega1284p/avr51\libatmega1284p.a(eerd_word.o)
                0x0001f9ce                eeprom_read_word
 .text.avr-libc
                0x0001f9d8        0x8 C:/Program Files (x86)/Atmel/Studio/7.0/Packs/atmel/ATmega_DFP/1.0.106/gcc/dev/atmega1284p/avr51\libatmega1284p.a(eeupd_word.o)
                0x0001f9d8                eeprom_update_word
 .text.avr-libc
                0x0001f9e0       0x20 C:/Program Files (x86)/Atmel/Studio/7.0/Packs/atmel/ATmega_DFP/1.0.106/gcc/dev/atmega1284p/avr51\libatmega1284p.a(eerd_block.o)
                0x0001f9e0                eeprom_read_block
                0x0001f9e4                eeprom_read_blraw
 .text.avr-libc
                0x0001fa00       0x24 C:/Program Files (x86)/Atmel/Studio/7.0/Packs/atmel/ATmega_DFP/1.0.106/gcc/dev/atmega1284p/avr51\libatmega1284p.a(eeupd_byte.o)
                0x0001fa00                eeprom_update_byte
                0x0001fa02                eeprom_update_r18
                0x0001fa24                . = ALIGN (0x2)
 *(.fini9)
 .fini9         0x0001fa24        0x0 c:/program files (x86)/atmel/studio/7.0/toolchain/avr8/avr8-gnu-toolchain/bin/../lib/gcc/avr/4.9.2/avr51\libgcc.a(_exit.o)
                0x0001fa24                _exit
                0x0001fa24                exit
 *(.fini9)
 *(.fini8)
 *(.fini8)
 *(.fini7)
 *(.fini7)
 *(.fini6)
 *(.fini6)
 *(.fini5)
 *(.fini5)
 *(.fini4)
 *(.fini4)
 *(.fini3)
 *(.fini3)
 *(.fini2)
 *(.fini2)
 *(.fini1)
 *(.fini1)
 *(.fini0)
 .fini0         0x0001fa24        0x4 c:/program files (x86)/atmel/studio/7.0/toolchain/avr8/avr8-gnu-toolchain/bin/../lib/gcc/avr/4.9.2/avr51\libgcc.a(_exit.o)
 *(.fini0)
                0x0001fa28                _etext = .

.data           0x00800100       0x3e load address 0x0001fa28
                0x00800100                PROVIDE (__data_start, .)
 *(.data)
 *(.data*)
 .data.pTxt     0x00800100       0x20 main.o
                0x00800100                pTxt
 *(.rodata)
 *(.rodata*)
 .rodata.str1.1
                0x00800120       0x1e main.o
 *(.gnu.linkonce.d*)
                0x0080013e                . = ALIGN (0x2)
                0x0080013e                _edata = .
                0x0080013e                PROVIDE (__data_end, .)

.bss            0x0080013e       0x31
                0x0080013e                PROVIDE (__bss_start, .)
 *(.bss)
 *(.bss*)
 .bss.hash      0x0080013e       0x10 main.o
                0x0080013e                hash
 .bss.key       0x0080014e       0x20 main.o
                0x0080014e                key
 .bss.CONFIG_ERROR_FLAG
                0x0080016e        0x1 main.o
                0x0080016e                CONFIG_ERROR_FLAG
 *(COMMON)
                0x0080016f                PROVIDE (__bss_end, .)
                0x0001fa28                __data_load_start = LOADADDR (.data)
                0x0001fa66                __data_load_end = (__data_load_start + SIZEOF (.data))

.noinit         0x0080016f        0x0
                [!provide]                PROVIDE (__noinit_start, .)
 *(.noinit*)
                [!provide]                PROVIDE (__noinit_end, .)
                0x0080016f                _end = .
                0x0080016f                PROVIDE (__heap_start, .)

.eeprom         0x00810000        0x4
 *(.eeprom*)
 .eeprom        0x00810000        0x4 main.o
                0x00810000                fw_version
                0x00810002                fw_size
                0x00810004                __eeprom_end = .

.fuse
 *(.fuse)
 *(.lfuse)
 *(.hfuse)
 *(.efuse)

.lock
 *(.lock*)

.signature
 *(.signature*)

.user_signatures
 *(.user_signatures*)

.stab
 *(.stab)

.stabstr
 *(.stabstr)

.stab.excl
 *(.stab.excl)

.stab.exclstr
 *(.stab.exclstr)

.stab.index
 *(.stab.index)

.stab.indexstr
 *(.stab.indexstr)

.comment        0x00000000       0x30
 *(.comment)
 .comment       0x00000000       0x30 AES_lib.o
                                 0x31 (size before relaxing)
 .comment       0x00000030       0x31 main.o
 .comment       0x00000030       0x31 uart.o

.note.gnu.avr.deviceinfo
                0x00000000       0x40
 .note.gnu.avr.deviceinfo
                0x00000000       0x40 C:/Program Files (x86)/Atmel/Studio/7.0/Packs/atmel/ATmega_DFP/1.0.106/gcc/dev/atmega1284p/avr51/crtatmega1284p.o

.note.gnu.build-id
 *(.note.gnu.build-id)

.debug
 *(.debug)

.line
 *(.line)

.debug_srcinfo
 *(.debug_srcinfo)

.debug_sfnames
 *(.debug_sfnames)

.debug_aranges  0x00000000      0x150
 *(.debug_aranges)
 .debug_aranges
                0x00000000       0x50 AES_lib.o
 .debug_aranges
                0x00000050       0x20 AES_lib/aes_enc-asm.o
 .debug_aranges
                0x00000070       0x20 AES_lib/aes_keyschedule-asm.o
 .debug_aranges
                0x00000090       0x48 main.o
 .debug_aranges
                0x000000d8       0x78 uart.o

.debug_pubnames
 *(.debug_pubnames)

.debug_info     0x00000000     0x13fe
 *(.debug_info .gnu.linkonce.wi.*)
 .debug_info    0x00000000      0x766 AES_lib.o
 .debug_info    0x00000766       0xc9 AES_lib/aes_enc-asm.o
 .debug_info    0x0000082f       0xd1 AES_lib/aes_keyschedule-asm.o
 .debug_info    0x00000900      0x85d main.o
 .debug_info    0x0000115d      0x2a1 uart.o

.debug_abbrev   0x00000000      0x592
 *(.debug_abbrev)
 .debug_abbrev  0x00000000      0x1c1 AES_lib.o
 .debug_abbrev  0x000001c1       0x14 AES_lib/aes_enc-asm.o
 .debug_abbrev  0x000001d5       0x14 AES_lib/aes_keyschedule-asm.o
 .debug_abbrev  0x000001e9      0x248 main.o
 .debug_abbrev  0x00000431      0x161 uart.o

.debug_line     0x00000000     0x131e
 *(.debug_line .debug_line.* .debug_line_end)
 .debug_line    0x00000000      0x355 AES_lib.o
 .debug_line    0x00000355      0x4ea AES_lib/aes_enc-asm.o
 .debug_line    0x0000083f      0x2c4 AES_lib/aes_keyschedule-asm.o
 .debug_line    0x00000b03      0x550 main.o
 .debug_line    0x00001053      0x2cb uart.o

.debug_frame    0x00000000      0x3f4
 *(.debug_frame)
 .debug_frame   0x00000000      0x21c AES_lib.o
 .debug_frame   0x0000021c       0xec main.o
 .debug_frame   0x00000308       0xec uart.o

.debug_str      0x00000000      0x478
 *(.debug_str)
 .debug_str     0x00000000      0x295 AES_lib.o
                                0x2d7 (size before relaxing)
 .debug_str     0x00000295      0x186 main.o
                                0x378 (size before relaxing)
 .debug_str     0x0000041b       0x5d uart.o
                                0x27d (size before relaxing)

.debug_loc      0x00000000     0x153d
 *(.debug_loc)
 .debug_loc     0x00000000      0xed8 AES_lib.o
 .debug_loc     0x00000ed8      0x509 main.o
 .debug_loc     0x000013e1      0x15c uart.o

.debug_macinfo
 *(.debug_macinfo)

.debug_weaknames
 *(.debug_weaknames)

.debug_funcnames
 *(.debug_funcnames)

.debug_typenames
 *(.debug_typenames)

.debug_varnames
 *(.debug_varnames)

.debug_pubtypes
 *(.debug_pubtypes)

.debug_ranges   0x00000000      0x138
 *(.debug_ranges)
 .debug_ranges  0x00000000       0x58 AES_lib.o
 .debug_ranges  0x00000058       0x38 main.o
 .debug_ranges  0x00000090       0xa8 uart.o

.debug_macro
 *(.debug_macro)
OUTPUT(ATMega1284P_Boot.elf elf32-avr)
LOAD linker stubs
