Archive member included to satisfy reference by file (symbol)

/usr/lib/gcc/avr/4.9.2/avr51/libgcc.a(_udivmodhi4.o)
                              keysize_descriptor.o (__udivmodhi4)
/usr/lib/gcc/avr/4.9.2/avr51/libgcc.a(_divmodhi4.o)
                              main.o (__divmodhi4)
/usr/lib/gcc/avr/4.9.2/avr51/libgcc.a(_copy_data.o)
                              main.o (__do_copy_data)
/usr/lib/gcc/avr/4.9.2/avr51/libgcc.a(_clear_bss.o)
                              main.o (__do_clear_bss)
/usr/lib/gcc/avr/4.9.2/avr51/libgcc.a(_prologue.o)
                              AES_lib.o (__prologue_saves__)
/usr/lib/gcc/avr/4.9.2/avr51/libgcc.a(_epilogue.o)
                              AES_lib.o (__epilogue_restores__)
/usr/lib/gcc/avr/4.9.2/../../../avr/lib/avr51/libc.a(malloc.o)
                              keysize_descriptor.o (malloc)
/usr/lib/gcc/avr/4.9.2/../../../avr/lib/avr51/libc.a(rand.o)
                              main.o (rand)
/usr/lib/gcc/avr/4.9.2/../../../avr/lib/avr51/libc.a(memcpy.o)
                              aes_keyschedule.o (memcpy)
/usr/lib/gcc/avr/4.9.2/../../../avr/lib/avr51/libatmega1284p.a(eerd_byte.o)
                              main.o (eeprom_read_byte)
/usr/lib/gcc/avr/4.9.2/../../../avr/lib/avr51/libatmega1284p.a(eerd_word.o)
                              main.o (eeprom_read_word)
/usr/lib/gcc/avr/4.9.2/../../../avr/lib/avr51/libatmega1284p.a(eeupd_word.o)
                              main.o (eeprom_update_word)
/usr/lib/gcc/avr/4.9.2/../../../avr/lib/avr51/libatmega1284p.a(eerd_block.o)
                              /usr/lib/gcc/avr/4.9.2/../../../avr/lib/avr51/libatmega1284p.a(eerd_word.o) (eeprom_read_blraw)
/usr/lib/gcc/avr/4.9.2/../../../avr/lib/avr51/libatmega1284p.a(eeupd_byte.o)
                              /usr/lib/gcc/avr/4.9.2/../../../avr/lib/avr51/libatmega1284p.a(eeupd_word.o) (eeprom_update_byte)
/usr/lib/gcc/avr/4.9.2/avr51/libgcc.a(_divmodsi4.o)
                              /usr/lib/gcc/avr/4.9.2/../../../avr/lib/avr51/libc.a(rand.o) (__divmodsi4)
/usr/lib/gcc/avr/4.9.2/avr51/libgcc.a(_negsi2.o)
                              /usr/lib/gcc/avr/4.9.2/avr51/libgcc.a(_divmodsi4.o) (__negsi2)
/usr/lib/gcc/avr/4.9.2/avr51/libgcc.a(_muluhisi3.o)
                              /usr/lib/gcc/avr/4.9.2/../../../avr/lib/avr51/libc.a(rand.o) (__muluhisi3)
/usr/lib/gcc/avr/4.9.2/avr51/libgcc.a(_mulshisi3.o)
                              /usr/lib/gcc/avr/4.9.2/../../../avr/lib/avr51/libc.a(rand.o) (__mulohisi3)
/usr/lib/gcc/avr/4.9.2/avr51/libgcc.a(_udivmodsi4.o)
                              /usr/lib/gcc/avr/4.9.2/avr51/libgcc.a(_divmodsi4.o) (__udivmodsi4)
/usr/lib/gcc/avr/4.9.2/avr51/libgcc.a(_umulhisi3.o)
                              /usr/lib/gcc/avr/4.9.2/avr51/libgcc.a(_muluhisi3.o) (__umulhisi3)

Allocating common symbols
Common symbol       size              file

__brkval            0x2               /usr/lib/gcc/avr/4.9.2/../../../avr/lib/avr51/libc.a(malloc.o)
__flp               0x2               /usr/lib/gcc/avr/4.9.2/../../../avr/lib/avr51/libc.a(malloc.o)

Memory Configuration

Name             Origin             Length             Attributes
text             0x0000000000000000 0x0000000000020000 xr
data             0x0000000000800100 0x000000000000ff00 rw !x
eeprom           0x0000000000810000 0x0000000000010000 rw !x
fuse             0x0000000000820000 0x0000000000000400 rw !x
lock             0x0000000000830000 0x0000000000000400 rw !x
signature        0x0000000000840000 0x0000000000000400 rw !x
user_signatures  0x0000000000850000 0x0000000000000400 rw !x
*default*        0x0000000000000000 0xffffffffffffffff

Linker script and memory map

Address of section .data set to 0x800100
                0x0000000000800220                __heap_end = 0x800220
LOAD uart.o
LOAD AES_lib.o
LOAD main.o
LOAD aes256_enc.o
LOAD aes_enc.o
LOAD aes_keyschedule.o
LOAD aes_sbox.o
LOAD keysize_descriptor.o
START GROUP
LOAD /usr/lib/gcc/avr/4.9.2/avr51/libgcc.a
LOAD /usr/lib/gcc/avr/4.9.2/../../../avr/lib/avr51/libm.a
LOAD /usr/lib/gcc/avr/4.9.2/../../../avr/lib/avr51/libc.a
LOAD /usr/lib/gcc/avr/4.9.2/../../../avr/lib/avr51/libatmega1284p.a
END GROUP

.hash
 *(.hash)

.dynsym
 *(.dynsym)

.dynstr
 *(.dynstr)

.gnu.version
 *(.gnu.version)

.gnu.version_d
 *(.gnu.version_d)

.gnu.version_r
 *(.gnu.version_r)

.rel.init
 *(.rel.init)

.rela.init
 *(.rela.init)

.rel.text
 *(.rel.text)
 *(.rel.text.*)
 *(.rel.gnu.linkonce.t*)

.rela.text
 *(.rela.text)
 *(.rela.text.*)
 *(.rela.gnu.linkonce.t*)

.rel.fini
 *(.rel.fini)

.rela.fini
 *(.rela.fini)

.rel.rodata
 *(.rel.rodata)
 *(.rel.rodata.*)
 *(.rel.gnu.linkonce.r*)

.rela.rodata
 *(.rela.rodata)
 *(.rela.rodata.*)
 *(.rela.gnu.linkonce.r*)

.rel.data
 *(.rel.data)
 *(.rel.data.*)
 *(.rel.gnu.linkonce.d*)

.rela.data
 *(.rela.data)
 *(.rela.data.*)
 *(.rela.gnu.linkonce.d*)

.rel.ctors
 *(.rel.ctors)

.rela.ctors
 *(.rela.ctors)

.rel.dtors
 *(.rel.dtors)

.rela.dtors
 *(.rela.dtors)

.rel.got
 *(.rel.got)

.rela.got
 *(.rela.got)

.rel.bss
 *(.rel.bss)

.rela.bss
 *(.rela.bss)

.rel.plt
 *(.rel.plt)

.rela.plt
 *(.rela.plt)

.text           0x0000000000000000     0x246e
 *(.vectors)
 *(.vectors)
 *(.progmem.gcc*)
                0x0000000000000000                . = ALIGN (0x2)
                0x0000000000000000                __trampolines_start = .
 *(.trampolines)
 .trampolines   0x0000000000000000        0x0 linker stubs
 *(.trampolines*)
                0x0000000000000000                __trampolines_end = .
 *(.progmem*)
 .progmem.data  0x0000000000000000        0xa aes_keyschedule.o
                0x0000000000000000                rc_tab
 .progmem.data  0x000000000000000a      0x100 aes_sbox.o
                0x000000000000000a                aes_sbox
                0x000000000000010a                . = ALIGN (0x2)
 *(.jumptables)
 *(.jumptables*)
 *(.lowtext)
 *(.lowtext*)
                0x000000000000010a                __ctors_start = .
 *(.ctors)
                0x000000000000010a                __ctors_end = .
                0x000000000000010a                __dtors_start = .
 *(.dtors)
                0x000000000000010a                __dtors_end = .
 SORT(*)(.ctors)
 SORT(*)(.dtors)
 *(.init0)
 *(.init0)
 *(.init1)
 *(.init1)
 *(.init2)
 *(.init2)
 *(.init3)
 *(.init3)
 *(.init4)
 .init4         0x000000000000010a       0x1a /usr/lib/gcc/avr/4.9.2/avr51/libgcc.a(_copy_data.o)
                0x000000000000010a                __do_copy_data
 .init4         0x0000000000000124       0x10 /usr/lib/gcc/avr/4.9.2/avr51/libgcc.a(_clear_bss.o)
                0x0000000000000124                __do_clear_bss
 *(.init4)
 *(.init5)
 *(.init5)
 *(.init6)
 *(.init6)
 *(.init7)
 *(.init7)
 *(.init8)
 *(.init8)
 *(.init9)
 *(.init9)
 *(.text)
 .text          0x0000000000000134       0xe4 uart.o
                0x0000000000000134                UART1_init
                0x0000000000000156                UART1_putchar
                0x0000000000000164                UART1_data_available
                0x0000000000000170                UART1_getchar
                0x000000000000017e                UART1_flush
                0x000000000000018e                UART1_putstring
                0x00000000000001a6                UART0_init
                0x00000000000001c8                UART0_putchar
                0x00000000000001d6                UART0_data_available
                0x00000000000001e2                UART0_getchar
                0x00000000000001f0                UART0_flush
                0x0000000000000200                UART0_putstring
 .text          0x0000000000000218      0x360 AES_lib.o
                0x0000000000000218                strtEncCFB
                0x0000000000000274                contEncCFB
                0x00000000000002c2                encCFB
                0x000000000000039e                strtDecCFB
                0x00000000000003fa                contDecCFB
                0x0000000000000448                decCFB
                0x0000000000000518                hashCBC
 .text          0x0000000000000578      0xbbc main.o
                0x0000000000000578                __vector_16
                0x0000000000000608                readback
                0x00000000000008f8                program_flash
                0x00000000000009ae                load_firmware
                0x0000000000000ddc                calcHash
                0x0000000000000f84                configure
                0x0000000000001016                boot_firmware
                0x0000000000001112                initTimer0
                0x000000000000112a                enableClockSwitching
                0x0000000000001130                disableClockSwitching
 .text          0x0000000000001134        0x8 aes256_enc.o
                0x0000000000001134                aes256_enc
 .text          0x000000000000113c      0x8c0 aes_enc.o
                0x000000000000113c                aes_shiftcol
                0x00000000000011d6                xtime
                0x00000000000011ec                aes_encrypt_core
 .text          0x00000000000019fc      0x266 aes_keyschedule.o
                0x00000000000019fc                aes_init
                0x0000000000001c56                aes256_init
 .text          0x0000000000001c62        0x0 aes_sbox.o
 .text          0x0000000000001c62      0x276 keysize_descriptor.o
                0x0000000000001c62                is_valid_keysize_P
                0x0000000000001d1c                get_keysize
                0x0000000000001d30                get_keysizes
 .text          0x0000000000001ed8        0x0 /usr/lib/gcc/avr/4.9.2/avr51/libgcc.a(_udivmodhi4.o)
 .text          0x0000000000001ed8        0x0 /usr/lib/gcc/avr/4.9.2/avr51/libgcc.a(_divmodhi4.o)
 .text          0x0000000000001ed8        0x0 /usr/lib/gcc/avr/4.9.2/avr51/libgcc.a(_copy_data.o)
 .text          0x0000000000001ed8        0x0 /usr/lib/gcc/avr/4.9.2/avr51/libgcc.a(_clear_bss.o)
 .text          0x0000000000001ed8        0x0 /usr/lib/gcc/avr/4.9.2/avr51/libgcc.a(_prologue.o)
 .text          0x0000000000001ed8        0x0 /usr/lib/gcc/avr/4.9.2/avr51/libgcc.a(_epilogue.o)
 .text          0x0000000000001ed8        0x0 /usr/lib/gcc/avr/4.9.2/../../../avr/lib/avr51/libc.a(malloc.o)
 .text          0x0000000000001ed8        0x0 /usr/lib/gcc/avr/4.9.2/../../../avr/lib/avr51/libc.a(rand.o)
 .text          0x0000000000001ed8        0x0 /usr/lib/gcc/avr/4.9.2/../../../avr/lib/avr51/libc.a(memcpy.o)
 .text          0x0000000000001ed8        0x0 /usr/lib/gcc/avr/4.9.2/../../../avr/lib/avr51/libatmega1284p.a(eerd_byte.o)
 .text          0x0000000000001ed8        0x0 /usr/lib/gcc/avr/4.9.2/../../../avr/lib/avr51/libatmega1284p.a(eerd_word.o)
 .text          0x0000000000001ed8        0x0 /usr/lib/gcc/avr/4.9.2/../../../avr/lib/avr51/libatmega1284p.a(eeupd_word.o)
 .text          0x0000000000001ed8        0x0 /usr/lib/gcc/avr/4.9.2/../../../avr/lib/avr51/libatmega1284p.a(eerd_block.o)
 .text          0x0000000000001ed8        0x0 /usr/lib/gcc/avr/4.9.2/../../../avr/lib/avr51/libatmega1284p.a(eeupd_byte.o)
 .text          0x0000000000001ed8        0x0 /usr/lib/gcc/avr/4.9.2/avr51/libgcc.a(_divmodsi4.o)
 .text          0x0000000000001ed8        0x0 /usr/lib/gcc/avr/4.9.2/avr51/libgcc.a(_negsi2.o)
 .text          0x0000000000001ed8        0x0 /usr/lib/gcc/avr/4.9.2/avr51/libgcc.a(_muluhisi3.o)
 .text          0x0000000000001ed8        0x0 /usr/lib/gcc/avr/4.9.2/avr51/libgcc.a(_mulshisi3.o)
 .text          0x0000000000001ed8        0x0 /usr/lib/gcc/avr/4.9.2/avr51/libgcc.a(_udivmodsi4.o)
 .text          0x0000000000001ed8        0x0 /usr/lib/gcc/avr/4.9.2/avr51/libgcc.a(_umulhisi3.o)
                0x0000000000001ed8                . = ALIGN (0x2)
 *(.text.*)
 .text.startup  0x0000000000001ed8       0x86 main.o
                0x0000000000001ed8                main
 .text.libgcc.mul
                0x0000000000001f5e        0x0 /usr/lib/gcc/avr/4.9.2/avr51/libgcc.a(_udivmodhi4.o)
 .text.libgcc.div
                0x0000000000001f5e       0x28 /usr/lib/gcc/avr/4.9.2/avr51/libgcc.a(_udivmodhi4.o)
                0x0000000000001f5e                __udivmodhi4
 .text.libgcc   0x0000000000001f86        0x0 /usr/lib/gcc/avr/4.9.2/avr51/libgcc.a(_udivmodhi4.o)
 .text.libgcc.prologue
                0x0000000000001f86        0x0 /usr/lib/gcc/avr/4.9.2/avr51/libgcc.a(_udivmodhi4.o)
 .text.libgcc.builtins
                0x0000000000001f86        0x0 /usr/lib/gcc/avr/4.9.2/avr51/libgcc.a(_udivmodhi4.o)
 .text.libgcc.fmul
                0x0000000000001f86        0x0 /usr/lib/gcc/avr/4.9.2/avr51/libgcc.a(_udivmodhi4.o)
 .text.libgcc.fixed
                0x0000000000001f86        0x0 /usr/lib/gcc/avr/4.9.2/avr51/libgcc.a(_udivmodhi4.o)
 .text.libgcc.mul
                0x0000000000001f86        0x0 /usr/lib/gcc/avr/4.9.2/avr51/libgcc.a(_divmodhi4.o)
 .text.libgcc.div
                0x0000000000001f86       0x28 /usr/lib/gcc/avr/4.9.2/avr51/libgcc.a(_divmodhi4.o)
                0x0000000000001f86                __divmodhi4
                0x0000000000001f86                _div
 .text.libgcc   0x0000000000001fae        0x0 /usr/lib/gcc/avr/4.9.2/avr51/libgcc.a(_divmodhi4.o)
 .text.libgcc.prologue
                0x0000000000001fae        0x0 /usr/lib/gcc/avr/4.9.2/avr51/libgcc.a(_divmodhi4.o)
 .text.libgcc.builtins
                0x0000000000001fae        0x0 /usr/lib/gcc/avr/4.9.2/avr51/libgcc.a(_divmodhi4.o)
 .text.libgcc.fmul
                0x0000000000001fae        0x0 /usr/lib/gcc/avr/4.9.2/avr51/libgcc.a(_divmodhi4.o)
 .text.libgcc.fixed
                0x0000000000001fae        0x0 /usr/lib/gcc/avr/4.9.2/avr51/libgcc.a(_divmodhi4.o)
 .text.libgcc.mul
                0x0000000000001fae        0x0 /usr/lib/gcc/avr/4.9.2/avr51/libgcc.a(_copy_data.o)
 .text.libgcc.div
                0x0000000000001fae        0x0 /usr/lib/gcc/avr/4.9.2/avr51/libgcc.a(_copy_data.o)
 .text.libgcc   0x0000000000001fae        0x0 /usr/lib/gcc/avr/4.9.2/avr51/libgcc.a(_copy_data.o)
 .text.libgcc.prologue
                0x0000000000001fae        0x0 /usr/lib/gcc/avr/4.9.2/avr51/libgcc.a(_copy_data.o)
 .text.libgcc.builtins
                0x0000000000001fae        0x0 /usr/lib/gcc/avr/4.9.2/avr51/libgcc.a(_copy_data.o)
 .text.libgcc.fmul
                0x0000000000001fae        0x0 /usr/lib/gcc/avr/4.9.2/avr51/libgcc.a(_copy_data.o)
 .text.libgcc.fixed
                0x0000000000001fae        0x0 /usr/lib/gcc/avr/4.9.2/avr51/libgcc.a(_copy_data.o)
 .text.libgcc.mul
                0x0000000000001fae        0x0 /usr/lib/gcc/avr/4.9.2/avr51/libgcc.a(_clear_bss.o)
 .text.libgcc.div
                0x0000000000001fae        0x0 /usr/lib/gcc/avr/4.9.2/avr51/libgcc.a(_clear_bss.o)
 .text.libgcc   0x0000000000001fae        0x0 /usr/lib/gcc/avr/4.9.2/avr51/libgcc.a(_clear_bss.o)
 .text.libgcc.prologue
                0x0000000000001fae        0x0 /usr/lib/gcc/avr/4.9.2/avr51/libgcc.a(_clear_bss.o)
 .text.libgcc.builtins
                0x0000000000001fae        0x0 /usr/lib/gcc/avr/4.9.2/avr51/libgcc.a(_clear_bss.o)
 .text.libgcc.fmul
                0x0000000000001fae        0x0 /usr/lib/gcc/avr/4.9.2/avr51/libgcc.a(_clear_bss.o)
 .text.libgcc.fixed
                0x0000000000001fae        0x0 /usr/lib/gcc/avr/4.9.2/avr51/libgcc.a(_clear_bss.o)
 .text.libgcc.mul
                0x0000000000001fae        0x0 /usr/lib/gcc/avr/4.9.2/avr51/libgcc.a(_prologue.o)
 .text.libgcc.div
                0x0000000000001fae        0x0 /usr/lib/gcc/avr/4.9.2/avr51/libgcc.a(_prologue.o)
 .text.libgcc   0x0000000000001fae        0x0 /usr/lib/gcc/avr/4.9.2/avr51/libgcc.a(_prologue.o)
 .text.libgcc.prologue
                0x0000000000001fae       0x38 /usr/lib/gcc/avr/4.9.2/avr51/libgcc.a(_prologue.o)
                0x0000000000001fae                __prologue_saves__
 .text.libgcc.builtins
                0x0000000000001fe6        0x0 /usr/lib/gcc/avr/4.9.2/avr51/libgcc.a(_prologue.o)
 .text.libgcc.fmul
                0x0000000000001fe6        0x0 /usr/lib/gcc/avr/4.9.2/avr51/libgcc.a(_prologue.o)
 .text.libgcc.fixed
                0x0000000000001fe6        0x0 /usr/lib/gcc/avr/4.9.2/avr51/libgcc.a(_prologue.o)
 .text.libgcc.mul
                0x0000000000001fe6        0x0 /usr/lib/gcc/avr/4.9.2/avr51/libgcc.a(_epilogue.o)
 .text.libgcc.div
                0x0000000000001fe6        0x0 /usr/lib/gcc/avr/4.9.2/avr51/libgcc.a(_epilogue.o)
 .text.libgcc   0x0000000000001fe6        0x0 /usr/lib/gcc/avr/4.9.2/avr51/libgcc.a(_epilogue.o)
 .text.libgcc.prologue
                0x0000000000001fe6       0x36 /usr/lib/gcc/avr/4.9.2/avr51/libgcc.a(_epilogue.o)
                0x0000000000001fe6                __epilogue_restores__
 .text.libgcc.builtins
                0x000000000000201c        0x0 /usr/lib/gcc/avr/4.9.2/avr51/libgcc.a(_epilogue.o)
 .text.libgcc.fmul
                0x000000000000201c        0x0 /usr/lib/gcc/avr/4.9.2/avr51/libgcc.a(_epilogue.o)
 .text.libgcc.fixed
                0x000000000000201c        0x0 /usr/lib/gcc/avr/4.9.2/avr51/libgcc.a(_epilogue.o)
 .text.avr-libc
                0x000000000000201c      0x25a /usr/lib/gcc/avr/4.9.2/../../../avr/lib/avr51/libc.a(malloc.o)
                0x000000000000201c                malloc
                0x0000000000002146                free
 .text.avr-libc
                0x0000000000002276       0xb4 /usr/lib/gcc/avr/4.9.2/../../../avr/lib/avr51/libc.a(rand.o)
                0x0000000000002308                rand_r
                0x000000000000230c                rand
                0x0000000000002314                srand
 .text.avr-libc
                0x000000000000232a       0x12 /usr/lib/gcc/avr/4.9.2/../../../avr/lib/avr51/libc.a(memcpy.o)
                0x000000000000232a                memcpy
 .text.avr-libc
                0x000000000000233c       0x10 /usr/lib/gcc/avr/4.9.2/../../../avr/lib/avr51/libatmega1284p.a(eerd_byte.o)
                0x000000000000233c                eeprom_read_byte
 .text.avr-libc
                0x000000000000234c        0xc /usr/lib/gcc/avr/4.9.2/../../../avr/lib/avr51/libatmega1284p.a(eerd_word.o)
                0x000000000000234c                eeprom_read_word
 .text.avr-libc
                0x0000000000002358        0xc /usr/lib/gcc/avr/4.9.2/../../../avr/lib/avr51/libatmega1284p.a(eeupd_word.o)
                0x0000000000002358                eeprom_update_word
 .text.avr-libc
                0x0000000000002364       0x20 /usr/lib/gcc/avr/4.9.2/../../../avr/lib/avr51/libatmega1284p.a(eerd_block.o)
                0x0000000000002364                eeprom_read_block
                0x0000000000002368                eeprom_read_blraw
 .text.avr-libc
                0x0000000000002384       0x24 /usr/lib/gcc/avr/4.9.2/../../../avr/lib/avr51/libatmega1284p.a(eeupd_byte.o)
                0x0000000000002384                eeprom_update_byte
                0x0000000000002386                eeprom_update_r18
 .text.libgcc.mul
                0x00000000000023a8        0x0 /usr/lib/gcc/avr/4.9.2/avr51/libgcc.a(_divmodsi4.o)
 .text.libgcc.div
                0x00000000000023a8       0x2e /usr/lib/gcc/avr/4.9.2/avr51/libgcc.a(_divmodsi4.o)
                0x00000000000023a8                __divmodsi4
 .text.libgcc   0x00000000000023d6        0x0 /usr/lib/gcc/avr/4.9.2/avr51/libgcc.a(_divmodsi4.o)
 .text.libgcc.prologue
                0x00000000000023d6        0x0 /usr/lib/gcc/avr/4.9.2/avr51/libgcc.a(_divmodsi4.o)
 .text.libgcc.builtins
                0x00000000000023d6        0x0 /usr/lib/gcc/avr/4.9.2/avr51/libgcc.a(_divmodsi4.o)
 .text.libgcc.fmul
                0x00000000000023d6        0x0 /usr/lib/gcc/avr/4.9.2/avr51/libgcc.a(_divmodsi4.o)
 .text.libgcc.fixed
                0x00000000000023d6        0x0 /usr/lib/gcc/avr/4.9.2/avr51/libgcc.a(_divmodsi4.o)
 .text.libgcc.mul
                0x00000000000023d6        0x0 /usr/lib/gcc/avr/4.9.2/avr51/libgcc.a(_negsi2.o)
 .text.libgcc.div
                0x00000000000023d6       0x10 /usr/lib/gcc/avr/4.9.2/avr51/libgcc.a(_negsi2.o)
                0x00000000000023d6                __negsi2
 .text.libgcc   0x00000000000023e6        0x0 /usr/lib/gcc/avr/4.9.2/avr51/libgcc.a(_negsi2.o)
 .text.libgcc.prologue
                0x00000000000023e6        0x0 /usr/lib/gcc/avr/4.9.2/avr51/libgcc.a(_negsi2.o)
 .text.libgcc.builtins
                0x00000000000023e6        0x0 /usr/lib/gcc/avr/4.9.2/avr51/libgcc.a(_negsi2.o)
 .text.libgcc.fmul
                0x00000000000023e6        0x0 /usr/lib/gcc/avr/4.9.2/avr51/libgcc.a(_negsi2.o)
 .text.libgcc.fixed
                0x00000000000023e6        0x0 /usr/lib/gcc/avr/4.9.2/avr51/libgcc.a(_negsi2.o)
 .text.libgcc.mul
                0x00000000000023e6       0x16 /usr/lib/gcc/avr/4.9.2/avr51/libgcc.a(_muluhisi3.o)
                0x00000000000023e6                __muluhisi3
 .text.libgcc.div
                0x00000000000023fc        0x0 /usr/lib/gcc/avr/4.9.2/avr51/libgcc.a(_muluhisi3.o)
 .text.libgcc   0x00000000000023fc        0x0 /usr/lib/gcc/avr/4.9.2/avr51/libgcc.a(_muluhisi3.o)
 .text.libgcc.prologue
                0x00000000000023fc        0x0 /usr/lib/gcc/avr/4.9.2/avr51/libgcc.a(_muluhisi3.o)
 .text.libgcc.builtins
                0x00000000000023fc        0x0 /usr/lib/gcc/avr/4.9.2/avr51/libgcc.a(_muluhisi3.o)
 .text.libgcc.fmul
                0x00000000000023fc        0x0 /usr/lib/gcc/avr/4.9.2/avr51/libgcc.a(_muluhisi3.o)
 .text.libgcc.fixed
                0x00000000000023fc        0x0 /usr/lib/gcc/avr/4.9.2/avr51/libgcc.a(_muluhisi3.o)
 .text.libgcc.mul
                0x00000000000023fc       0x10 /usr/lib/gcc/avr/4.9.2/avr51/libgcc.a(_mulshisi3.o)
                0x00000000000023fc                __mulshisi3
                0x0000000000002402                __mulohisi3
 .text.libgcc.div
                0x000000000000240c        0x0 /usr/lib/gcc/avr/4.9.2/avr51/libgcc.a(_mulshisi3.o)
 .text.libgcc   0x000000000000240c        0x0 /usr/lib/gcc/avr/4.9.2/avr51/libgcc.a(_mulshisi3.o)
 .text.libgcc.prologue
                0x000000000000240c        0x0 /usr/lib/gcc/avr/4.9.2/avr51/libgcc.a(_mulshisi3.o)
 .text.libgcc.builtins
                0x000000000000240c        0x0 /usr/lib/gcc/avr/4.9.2/avr51/libgcc.a(_mulshisi3.o)
 .text.libgcc.fmul
                0x000000000000240c        0x0 /usr/lib/gcc/avr/4.9.2/avr51/libgcc.a(_mulshisi3.o)
 .text.libgcc.fixed
                0x000000000000240c        0x0 /usr/lib/gcc/avr/4.9.2/avr51/libgcc.a(_mulshisi3.o)
 .text.libgcc.mul
                0x000000000000240c        0x0 /usr/lib/gcc/avr/4.9.2/avr51/libgcc.a(_udivmodsi4.o)
 .text.libgcc.div
                0x000000000000240c       0x44 /usr/lib/gcc/avr/4.9.2/avr51/libgcc.a(_udivmodsi4.o)
                0x000000000000240c                __udivmodsi4
 .text.libgcc   0x0000000000002450        0x0 /usr/lib/gcc/avr/4.9.2/avr51/libgcc.a(_udivmodsi4.o)
 .text.libgcc.prologue
                0x0000000000002450        0x0 /usr/lib/gcc/avr/4.9.2/avr51/libgcc.a(_udivmodsi4.o)
 .text.libgcc.builtins
                0x0000000000002450        0x0 /usr/lib/gcc/avr/4.9.2/avr51/libgcc.a(_udivmodsi4.o)
 .text.libgcc.fmul
                0x0000000000002450        0x0 /usr/lib/gcc/avr/4.9.2/avr51/libgcc.a(_udivmodsi4.o)
 .text.libgcc.fixed
                0x0000000000002450        0x0 /usr/lib/gcc/avr/4.9.2/avr51/libgcc.a(_udivmodsi4.o)
 .text.libgcc.mul
                0x0000000000002450       0x1e /usr/lib/gcc/avr/4.9.2/avr51/libgcc.a(_umulhisi3.o)
                0x0000000000002450                __umulhisi3
 .text.libgcc.div
                0x000000000000246e        0x0 /usr/lib/gcc/avr/4.9.2/avr51/libgcc.a(_umulhisi3.o)
 .text.libgcc   0x000000000000246e        0x0 /usr/lib/gcc/avr/4.9.2/avr51/libgcc.a(_umulhisi3.o)
 .text.libgcc.prologue
                0x000000000000246e        0x0 /usr/lib/gcc/avr/4.9.2/avr51/libgcc.a(_umulhisi3.o)
 .text.libgcc.builtins
                0x000000000000246e        0x0 /usr/lib/gcc/avr/4.9.2/avr51/libgcc.a(_umulhisi3.o)
 .text.libgcc.fmul
                0x000000000000246e        0x0 /usr/lib/gcc/avr/4.9.2/avr51/libgcc.a(_umulhisi3.o)
 .text.libgcc.fixed
                0x000000000000246e        0x0 /usr/lib/gcc/avr/4.9.2/avr51/libgcc.a(_umulhisi3.o)
                0x000000000000246e                . = ALIGN (0x2)
 *(.fini9)
 *(.fini9)
 *(.fini8)
 *(.fini8)
 *(.fini7)
 *(.fini7)
 *(.fini6)
 *(.fini6)
 *(.fini5)
 *(.fini5)
 *(.fini4)
 *(.fini4)
 *(.fini3)
 *(.fini3)
 *(.fini2)
 *(.fini2)
 *(.fini1)
 *(.fini1)
 *(.fini0)
 *(.fini0)
                0x000000000000246e                _etext = .

.data           0x0000000000800100      0x12a load address 0x000000000000246e
                0x0000000000800100                PROVIDE (__data_start, .)
 *(.data)
 .data          0x0000000000800100        0x0 uart.o
 .data          0x0000000000800100        0x0 AES_lib.o
 .data          0x0000000000800100       0xb8 main.o
                0x0000000000800100                readbackPassword
                0x0000000000800118                readbackIV
                0x0000000000800128                firmwareIV
                0x0000000000800138                readbackKey
                0x0000000000800158                firmwareKey
                0x0000000000800178                readbackHashKey
                0x0000000000800198                hashKey
 .data          0x00000000008001b8        0x0 aes256_enc.o
 .data          0x00000000008001b8        0x0 aes_enc.o
 .data          0x00000000008001b8        0x0 aes_keyschedule.o
 .data          0x00000000008001b8        0x0 aes_sbox.o
 .data          0x00000000008001b8        0x0 keysize_descriptor.o
 .data          0x00000000008001b8        0x0 /usr/lib/gcc/avr/4.9.2/avr51/libgcc.a(_udivmodhi4.o)
 .data          0x00000000008001b8        0x0 /usr/lib/gcc/avr/4.9.2/avr51/libgcc.a(_divmodhi4.o)
 .data          0x00000000008001b8        0x0 /usr/lib/gcc/avr/4.9.2/avr51/libgcc.a(_copy_data.o)
 .data          0x00000000008001b8        0x0 /usr/lib/gcc/avr/4.9.2/avr51/libgcc.a(_clear_bss.o)
 .data          0x00000000008001b8        0x0 /usr/lib/gcc/avr/4.9.2/avr51/libgcc.a(_prologue.o)
 .data          0x00000000008001b8        0x0 /usr/lib/gcc/avr/4.9.2/avr51/libgcc.a(_epilogue.o)
 .data          0x00000000008001b8        0x6 /usr/lib/gcc/avr/4.9.2/../../../avr/lib/avr51/libc.a(malloc.o)
                0x00000000008001b8                __malloc_heap_end
                0x00000000008001ba                __malloc_heap_start
                0x00000000008001bc                __malloc_margin
 .data          0x00000000008001be        0x4 /usr/lib/gcc/avr/4.9.2/../../../avr/lib/avr51/libc.a(rand.o)
 .data          0x00000000008001c2        0x0 /usr/lib/gcc/avr/4.9.2/../../../avr/lib/avr51/libc.a(memcpy.o)
 .data          0x00000000008001c2        0x0 /usr/lib/gcc/avr/4.9.2/../../../avr/lib/avr51/libatmega1284p.a(eerd_byte.o)
 .data          0x00000000008001c2        0x0 /usr/lib/gcc/avr/4.9.2/../../../avr/lib/avr51/libatmega1284p.a(eerd_word.o)
 .data          0x00000000008001c2        0x0 /usr/lib/gcc/avr/4.9.2/../../../avr/lib/avr51/libatmega1284p.a(eeupd_word.o)
 .data          0x00000000008001c2        0x0 /usr/lib/gcc/avr/4.9.2/../../../avr/lib/avr51/libatmega1284p.a(eerd_block.o)
 .data          0x00000000008001c2        0x0 /usr/lib/gcc/avr/4.9.2/../../../avr/lib/avr51/libatmega1284p.a(eeupd_byte.o)
 .data          0x00000000008001c2        0x0 /usr/lib/gcc/avr/4.9.2/avr51/libgcc.a(_divmodsi4.o)
 .data          0x00000000008001c2        0x0 /usr/lib/gcc/avr/4.9.2/avr51/libgcc.a(_negsi2.o)
 .data          0x00000000008001c2        0x0 /usr/lib/gcc/avr/4.9.2/avr51/libgcc.a(_muluhisi3.o)
 .data          0x00000000008001c2        0x0 /usr/lib/gcc/avr/4.9.2/avr51/libgcc.a(_mulshisi3.o)
 .data          0x00000000008001c2        0x0 /usr/lib/gcc/avr/4.9.2/avr51/libgcc.a(_udivmodsi4.o)
 .data          0x00000000008001c2        0x0 /usr/lib/gcc/avr/4.9.2/avr51/libgcc.a(_umulhisi3.o)
 *(.data*)
 *(.rodata)
 *(.rodata*)
 .rodata.str1.1
                0x00000000008001c2       0x68 main.o
 *(.gnu.linkonce.d*)
                0x000000000080022a                . = ALIGN (0x2)
                0x000000000080022a                _edata = .
                0x000000000080022a                PROVIDE (__data_end, .)

.bss            0x000000000080022a        0x6
                0x000000000080022a                PROVIDE (__bss_start, .)
 *(.bss)
 .bss           0x000000000080022a        0x0 uart.o
 .bss           0x000000000080022a        0x0 AES_lib.o
 .bss           0x000000000080022a        0x2 main.o
                0x000000000080022a                CONFIG_ERROR_FLAG
                0x000000000080022b                fastClock
 .bss           0x000000000080022c        0x0 aes256_enc.o
 .bss           0x000000000080022c        0x0 aes_enc.o
 .bss           0x000000000080022c        0x0 aes_keyschedule.o
 .bss           0x000000000080022c        0x0 aes_sbox.o
 .bss           0x000000000080022c        0x0 keysize_descriptor.o
 .bss           0x000000000080022c        0x0 /usr/lib/gcc/avr/4.9.2/avr51/libgcc.a(_udivmodhi4.o)
 .bss           0x000000000080022c        0x0 /usr/lib/gcc/avr/4.9.2/avr51/libgcc.a(_divmodhi4.o)
 .bss           0x000000000080022c        0x0 /usr/lib/gcc/avr/4.9.2/avr51/libgcc.a(_copy_data.o)
 .bss           0x000000000080022c        0x0 /usr/lib/gcc/avr/4.9.2/avr51/libgcc.a(_clear_bss.o)
 .bss           0x000000000080022c        0x0 /usr/lib/gcc/avr/4.9.2/avr51/libgcc.a(_prologue.o)
 .bss           0x000000000080022c        0x0 /usr/lib/gcc/avr/4.9.2/avr51/libgcc.a(_epilogue.o)
 .bss           0x000000000080022c        0x0 /usr/lib/gcc/avr/4.9.2/../../../avr/lib/avr51/libc.a(malloc.o)
 .bss           0x000000000080022c        0x0 /usr/lib/gcc/avr/4.9.2/../../../avr/lib/avr51/libc.a(rand.o)
 .bss           0x000000000080022c        0x0 /usr/lib/gcc/avr/4.9.2/../../../avr/lib/avr51/libc.a(memcpy.o)
 .bss           0x000000000080022c        0x0 /usr/lib/gcc/avr/4.9.2/../../../avr/lib/avr51/libatmega1284p.a(eerd_byte.o)
 .bss           0x000000000080022c        0x0 /usr/lib/gcc/avr/4.9.2/../../../avr/lib/avr51/libatmega1284p.a(eerd_word.o)
 .bss           0x000000000080022c        0x0 /usr/lib/gcc/avr/4.9.2/../../../avr/lib/avr51/libatmega1284p.a(eeupd_word.o)
 .bss           0x000000000080022c        0x0 /usr/lib/gcc/avr/4.9.2/../../../avr/lib/avr51/libatmega1284p.a(eerd_block.o)
 .bss           0x000000000080022c        0x0 /usr/lib/gcc/avr/4.9.2/../../../avr/lib/avr51/libatmega1284p.a(eeupd_byte.o)
 .bss           0x000000000080022c        0x0 /usr/lib/gcc/avr/4.9.2/avr51/libgcc.a(_divmodsi4.o)
 .bss           0x000000000080022c        0x0 /usr/lib/gcc/avr/4.9.2/avr51/libgcc.a(_negsi2.o)
 .bss           0x000000000080022c        0x0 /usr/lib/gcc/avr/4.9.2/avr51/libgcc.a(_muluhisi3.o)
 .bss           0x000000000080022c        0x0 /usr/lib/gcc/avr/4.9.2/avr51/libgcc.a(_mulshisi3.o)
 .bss           0x000000000080022c        0x0 /usr/lib/gcc/avr/4.9.2/avr51/libgcc.a(_udivmodsi4.o)
 .bss           0x000000000080022c        0x0 /usr/lib/gcc/avr/4.9.2/avr51/libgcc.a(_umulhisi3.o)
 *(.bss*)
 *(COMMON)
 COMMON         0x000000000080022c        0x4 /usr/lib/gcc/avr/4.9.2/../../../avr/lib/avr51/libc.a(malloc.o)
                0x000000000080022c                __brkval
                0x000000000080022e                __flp
                0x0000000000800230                PROVIDE (__bss_end, .)
                0x000000000000246e                __data_load_start = LOADADDR (.data)
                0x0000000000002598                __data_load_end = (__data_load_start + SIZEOF (.data))

.noinit         0x0000000000800230        0x0
                0x0000000000800230                PROVIDE (__noinit_start, .)
 *(.noinit*)
                0x0000000000800230                PROVIDE (__noinit_end, .)
                0x0000000000800230                _end = .
                0x0000000000800230                PROVIDE (__heap_start, .)

.eeprom         0x0000000000810000        0x2
 *(.eeprom*)
 .eeprom        0x0000000000810000        0x2 main.o
                0x0000000000810000                fw_version
                0x0000000000810002                __eeprom_end = .

.fuse
 *(.fuse)
 *(.lfuse)
 *(.hfuse)
 *(.efuse)

.lock
 *(.lock*)

.signature
 *(.signature*)

.user_signatures
 *(.user_signatures*)

.stab
 *(.stab)

.stabstr
 *(.stabstr)

.stab.excl
 *(.stab.excl)

.stab.exclstr
 *(.stab.exclstr)

.stab.index
 *(.stab.index)

.stab.indexstr
 *(.stab.indexstr)

.comment        0x0000000000000000       0x11
 *(.comment)
 .comment       0x0000000000000000       0x11 uart.o
                                         0x12 (size before relaxing)
 .comment       0x0000000000000011       0x12 AES_lib.o
 .comment       0x0000000000000011       0x12 main.o
 .comment       0x0000000000000011       0x12 aes256_enc.o
 .comment       0x0000000000000011       0x12 aes_enc.o
 .comment       0x0000000000000011       0x12 aes_keyschedule.o
 .comment       0x0000000000000011       0x12 aes_sbox.o
 .comment       0x0000000000000011       0x12 keysize_descriptor.o
 .comment       0x0000000000000011       0x12 /usr/lib/gcc/avr/4.9.2/../../../avr/lib/avr51/libc.a(malloc.o)
 .comment       0x0000000000000011       0x12 /usr/lib/gcc/avr/4.9.2/../../../avr/lib/avr51/libc.a(rand.o)

.note.gnu.build-id
 *(.note.gnu.build-id)

.debug
 *(.debug)

.line
 *(.line)

.debug_srcinfo
 *(.debug_srcinfo)

.debug_sfnames
 *(.debug_sfnames)

.debug_aranges
 *(.debug_aranges)

.debug_pubnames
 *(.debug_pubnames)

.debug_info
 *(.debug_info .gnu.linkonce.wi.*)

.debug_abbrev
 *(.debug_abbrev)

.debug_line
 *(.debug_line .debug_line.* .debug_line_end)

.debug_frame
 *(.debug_frame)

.debug_str
 *(.debug_str)

.debug_loc
 *(.debug_loc)

.debug_macinfo
 *(.debug_macinfo)

.debug_weaknames
 *(.debug_weaknames)

.debug_funcnames
 *(.debug_funcnames)

.debug_typenames
 *(.debug_typenames)

.debug_varnames
 *(.debug_varnames)

.debug_pubtypes
 *(.debug_pubtypes)

.debug_ranges
 *(.debug_ranges)

.debug_macro
 *(.debug_macro)
OUTPUT(bootloader.elf elf32-avr)
LOAD linker stubs
